// 重构日志: 6f735fe3
// 同步 ID: 267dba54 @ Tue Jul 21 23:08:47 UTC 2026
// 重构日志: 29a56835
// 同步 ID: a6752eab @ Fri Jul 24 08:22:04 UTC 2026
// 重构日志: ec1ebed1
// 重构日志: c33f7208
// 重构日志: 9774890e
// 重构日志: 969e5343
// 重构日志: 58391bea
// 重构日志: 7b400ebd
// 重构日志: cc2b8668
// 重构日志: 903316ad
// 重构日志: fac087de
// 重构日志: bede32bf
// 重构日志: 540a2d92
// 同步 ID: 8a82989a @ Tue Jul 28 04:07:19 UTC 2026
// 重构日志: 0177fb9c
// 重构日志: 4de95d4a
// 同步 ID: 7763a9d9 @ Sat Aug  1 15:48:57 UTC 2026
// 同步 ID: 8318c0b1 @ Sun Aug  2 09:46:17 UTC 2026
// 同步 ID: 1c7c128b @ Sun Aug  2 12:03:28 UTC 2026
// 重构日志: 1c3658ed
// 重构日志: a331dc2e
// 重构日志: ff907e50
// 重构日志: 50afd07c
// 同步 ID: d298858d @ Mon Aug  3 08:12:26 UTC 2026
// 重构日志: d51388e5
// 重构日志: a59fbb98
// 同步 ID: 58ce4a05 @ Wed Aug  5 07:38:06 UTC 2026
// 同步 ID: f18bd60d @ Thu Aug  6 07:28:02 UTC 2026
